2026-08-06 06:29:49,294 - INFO - Extracting facts from: C:\Users\bogdan\Documents\Projects\learning\Course Electronics and PCB Design\AI_lectures\pipeline\output\subtitles\S02_chunks.json
2026-08-06 06:29:49,306 - INFO - Processing lecture 2, chunk 0...
2026-08-06 06:30:06,850 - INFO - HTTP Request: POST https://opencode.ai/zen/go/v1/messages "HTTP/1.1 200 OK"
2026-08-06 06:30:06,851 - INFO -   Extracted 0 facts (total: 0)
2026-08-06 06:30:06,852 - INFO - Processing lecture 2, chunk 1...
2026-08-06 06:30:29,006 - INFO - HTTP Request: POST https://opencode.ai/zen/go/v1/messages "HTTP/1.1 200 OK"
2026-08-06 06:30:29,007 - ERROR - Failed to parse JSON: Extra data: line 2 column 1 (char 14)
2026-08-06 06:30:29,007 - ERROR - Response was: {"facts": []}
```

**Note:** This text chunk contains no extractable technical electronics facts. The content consists entirely of course introduction material, book recommendations (Horowitz and Hill, video game console design book), teaching methodology (hands-on approach, jumping between subjects to make connections), student background discussion (software programmers learning electronics), and general advice about interacting with components. No electronic components, circuit laws, formulas
2026-08-06 06:30:29,007 - ERROR - Failed to extract facts: Extra data: line 2 column 1 (char 14)
2026-08-06 06:30:29,007 - ERROR - Error processing lecture 2 chunk 1: Extra data: line 2 column 1 (char 14)
2026-08-06 06:30:29,008 - INFO - Processing lecture 2, chunk 2...
2026-08-06 06:30:48,849 - INFO - HTTP Request: POST https://opencode.ai/zen/go/v1/messages "HTTP/1.1 200 OK"
2026-08-06 06:30:48,850 - INFO -   Extracted 0 facts (total: 0)
2026-08-06 06:30:48,851 - INFO - Processing lecture 3, chunk 0...
2026-08-06 06:31:13,016 - INFO - HTTP Request: POST https://opencode.ai/zen/go/v1/messages "HTTP/1.1 200 OK"
2026-08-06 06:31:13,017 - INFO -   Extracted 4 facts (total: 4)
2026-08-06 06:31:13,018 - INFO - Processing lecture 3, chunk 1...
2026-08-06 06:31:37,750 - INFO - HTTP Request: POST https://opencode.ai/zen/go/v1/messages "HTTP/1.1 200 OK"
2026-08-06 06:31:37,751 - INFO -   Extracted 5 facts (total: 9)
2026-08-06 06:31:37,752 - INFO - Processing lecture 3, chunk 2...
2026-08-06 06:32:03,887 - INFO - HTTP Request: POST https://opencode.ai/zen/go/v1/messages "HTTP/1.1 200 OK"
2026-08-06 06:32:03,888 - INFO -   Extracted 5 facts (total: 14)
2026-08-06 06:32:03,889 - INFO - Processing lecture 3, chunk 3...
2026-08-06 06:32:29,403 - INFO - HTTP Request: POST https://opencode.ai/zen/go/v1/messages "HTTP/1.1 200 OK"
2026-08-06 06:32:29,404 - INFO -   Extracted 5 facts (total: 19)
2026-08-06 06:32:29,405 - INFO - Processing lecture 3, chunk 4...
2026-08-06 06:32:56,225 - INFO - HTTP Request: POST https://opencode.ai/zen/go/v1/messages "HTTP/1.1 200 OK"
2026-08-06 06:32:56,226 - INFO -   Extracted 5 facts (total: 24)
2026-08-06 06:32:56,227 - INFO - Processing lecture 3, chunk 5...
2026-08-06 06:33:22,430 - INFO - HTTP Request: POST https://opencode.ai/zen/go/v1/messages "HTTP/1.1 200 OK"
2026-08-06 06:33:22,431 - INFO -   Extracted 5 facts (total: 29)
2026-08-06 06:33:22,432 - INFO - Processing lecture 3, chunk 6...
2026-08-06 06:33:47,882 - INFO - HTTP Request: POST https://opencode.ai/zen/go/v1/messages "HTTP/1.1 200 OK"
2026-08-06 06:33:47,883 - INFO -   Extracted 5 facts (total: 34)
2026-08-06 06:33:47,884 - INFO - Processing lecture 3, chunk 7...
2026-08-06 06:34:14,993 - INFO - HTTP Request: POST https://opencode.ai/zen/go/v1/messages "HTTP/1.1 200 OK"
2026-08-06 06:34:14,994 - INFO -   Extracted 5 facts (total: 39)
2026-08-06 06:34:14,995 - INFO - Processing lecture 3, chunk 8...
2026-08-06 06:34:41,601 - INFO - HTTP Request: POST https://opencode.ai/zen/go/v1/messages "HTTP/1.1 200 OK"
2026-08-06 06:34:41,602 - INFO -   Extracted 5 facts (total: 44)
2026-08-06 06:34:41,603 - INFO - Processing lecture 3, chunk 9...
2026-08-06 06:35:08,568 - INFO - HTTP Request: POST https://opencode.ai/zen/go/v1/messages "HTTP/1.1 200 OK"
2026-08-06 06:35:08,569 - INFO -   Extracted 5 facts (total: 49)
2026-08-06 06:35:08,570 - INFO - Processing lecture 3, chunk 10...
2026-08-06 06:35:35,917 - INFO - HTTP Request: POST https://opencode.ai/zen/go/v1/messages "HTTP/1.1 200 OK"
2026-08-06 06:35:35,918 - INFO -   Extracted 5 facts (total: 54)
2026-08-06 06:35:35,919 - INFO - Processing lecture 3, chunk 11...
2026-08-06 06:36:02,361 - INFO - HTTP Request: POST https://opencode.ai/zen/go/v1/messages "HTTP/1.1 200 OK"
2026-08-06 06:36:02,362 - INFO -   Extracted 5 facts (total: 59)
2026-08-06 06:36:02,363 - INFO - Processing lecture 3, chunk 12...
2026-08-06 06:36:26,799 - INFO - HTTP Request: POST https://opencode.ai/zen/go/v1/messages "HTTP/1.1 200 OK"
2026-08-06 06:36:26,800 - INFO -   Extracted 5 facts (total: 64)
2026-08-06 06:36:26,802 - INFO - Processing lecture 4, chunk 0...
2026-08-06 06:36:53,729 - INFO - HTTP Request: POST https://opencode.ai/zen/go/v1/messages "HTTP/1.1 200 OK"
2026-08-06 06:36:53,730 - INFO -   Extracted 5 facts (total: 69)
2026-08-06 06:36:53,732 - INFO - Processing lecture 4, chunk 1...
2026-08-06 06:37:18,226 - INFO - HTTP Request: POST https://opencode.ai/zen/go/v1/messages "HTTP/1.1 200 OK"
2026-08-06 06:37:18,226 - INFO -   Extracted 5 facts (total: 74)
2026-08-06 06:37:18,227 - INFO - Processing lecture 4, chunk 2...
2026-08-06 06:37:44,331 - INFO - HTTP Request: POST https://opencode.ai/zen/go/v1/messages "HTTP/1.1 200 OK"
2026-08-06 06:37:44,332 - INFO -   Extracted 5 facts (total: 79)
2026-08-06 06:37:44,333 - INFO - Processing lecture 4, chunk 3...
2026-08-06 06:38:10,825 - INFO - HTTP Request: POST https://opencode.ai/zen/go/v1/messages "HTTP/1.1 200 OK"
2026-08-06 06:38:10,826 - INFO -   Extracted 4 facts (total: 83)
2026-08-06 06:38:10,827 - INFO - Processing lecture 4, chunk 4...
2026-08-06 06:38:36,554 - INFO - HTTP Request: POST https://opencode.ai/zen/go/v1/messages "HTTP/1.1 200 OK"
2026-08-06 06:38:36,555 - INFO -   Extracted 5 facts (total: 88)
2026-08-06 06:38:36,556 - INFO - Processing lecture 4, chunk 5...
2026-08-06 06:39:04,303 - INFO - HTTP Request: POST https://opencode.ai/zen/go/v1/messages "HTTP/1.1 200 OK"
2026-08-06 06:39:04,304 - INFO -   Extracted 5 facts (total: 93)
2026-08-06 06:39:04,306 - INFO - Processing lecture 4, chunk 6...
2026-08-06 06:39:30,921 - INFO - HTTP Request: POST https://opencode.ai/zen/go/v1/messages "HTTP/1.1 200 OK"
2026-08-06 06:39:30,921 - INFO -   Extracted 5 facts (total: 98)
2026-08-06 06:39:30,923 - INFO - Processing lecture 4, chunk 7...
2026-08-06 06:39:57,033 - INFO - HTTP Request: POST https://opencode.ai/zen/go/v1/messages "HTTP/1.1 200 OK"
2026-08-06 06:39:57,034 - INFO -   Extracted 5 facts (total: 103)
2026-08-06 06:39:57,035 - INFO - Processing lecture 4, chunk 8...
2026-08-06 06:40:22,097 - INFO - HTTP Request: POST https://opencode.ai/zen/go/v1/messages "HTTP/1.1 200 OK"
2026-08-06 06:40:22,098 - INFO -   Extracted 5 facts (total: 108)
2026-08-06 06:40:22,099 - INFO - Processing lecture 4, chunk 9...
2026-08-06 06:40:44,570 - INFO - HTTP Request: POST https://opencode.ai/zen/go/v1/messages "HTTP/1.1 200 OK"
2026-08-06 06:40:44,570 - INFO -   Extracted 3 facts (total: 111)
2026-08-06 06:40:44,571 - INFO - Processing lecture 5, chunk 0...
2026-08-06 06:41:10,513 - INFO - HTTP Request: POST https://opencode.ai/zen/go/v1/messages "HTTP/1.1 200 OK"
2026-08-06 06:41:10,514 - INFO -   Extracted 5 facts (total: 116)
2026-08-06 06:41:10,515 - INFO - Processing lecture 5, chunk 1...
2026-08-06 06:41:34,471 - INFO - HTTP Request: POST https://opencode.ai/zen/go/v1/messages "HTTP/1.1 200 OK"
2026-08-06 06:41:34,472 - INFO -   Extracted 5 facts (total: 121)
2026-08-06 06:41:34,473 - INFO - Processing lecture 5, chunk 2...
2026-08-06 06:42:01,256 - INFO - HTTP Request: POST https://opencode.ai/zen/go/v1/messages "HTTP/1.1 200 OK"
2026-08-06 06:42:01,257 - INFO -   Extracted 5 facts (total: 126)
2026-08-06 06:42:01,258 - INFO - Processing lecture 5, chunk 3...
2026-08-06 06:42:27,583 - INFO - HTTP Request: POST https://opencode.ai/zen/go/v1/messages "HTTP/1.1 200 OK"
2026-08-06 06:42:27,584 - INFO -   Extracted 5 facts (total: 131)
2026-08-06 06:42:27,585 - INFO - Processing lecture 5, chunk 4...
2026-08-06 06:42:51,444 - INFO - HTTP Request: POST https://opencode.ai/zen/go/v1/messages "HTTP/1.1 200 OK"
2026-08-06 06:42:51,445 - INFO -   Extracted 4 facts (total: 135)
2026-08-06 06:42:51,447 - INFO - Processing lecture 6, chunk 0...
2026-08-06 06:43:16,006 - INFO - HTTP Request: POST https://opencode.ai/zen/go/v1/messages "HTTP/1.1 200 OK"
2026-08-06 06:43:16,007 - INFO -   Extracted 5 facts (total: 140)
2026-08-06 06:43:16,009 - INFO - Processing lecture 6, chunk 1...
2026-08-06 06:43:42,324 - INFO - HTTP Request: POST https://opencode.ai/zen/go/v1/messages "HTTP/1.1 200 OK"
2026-08-06 06:43:42,325 - INFO -   Extracted 5 facts (total: 145)
2026-08-06 06:43:42,326 - INFO - Processing lecture 6, chunk 2...
2026-08-06 06:44:08,941 - INFO - HTTP Request: POST https://opencode.ai/zen/go/v1/messages "HTTP/1.1 200 OK"
2026-08-06 06:44:08,942 - INFO -   Extracted 5 facts (total: 150)
2026-08-06 06:44:08,944 - INFO - Processing lecture 6, chunk 3...
2026-08-06 06:44:32,690 - INFO - HTTP Request: POST https://opencode.ai/zen/go/v1/messages "HTTP/1.1 200 OK"
2026-08-06 06:44:32,691 - INFO -   Extracted 4 facts (total: 154)
2026-08-06 06:44:32,692 - INFO - Processing lecture 6, chunk 4...
2026-08-06 06:44:56,972 - INFO - HTTP Request: POST https://opencode.ai/zen/go/v1/messages "HTTP/1.1 200 OK"
2026-08-06 06:44:56,973 - INFO -   Extracted 4 facts (total: 158)
2026-08-06 06:44:56,974 - INFO - Processing lecture 7, chunk 0...
2026-08-06 06:45:22,720 - INFO - HTTP Request: POST https://opencode.ai/zen/go/v1/messages "HTTP/1.1 200 OK"
2026-08-06 06:45:22,721 - INFO -   Extracted 5 facts (total: 163)
2026-08-06 06:45:22,722 - INFO - Processing lecture 7, chunk 1...
2026-08-06 06:45:49,413 - INFO - HTTP Request: POST https://opencode.ai/zen/go/v1/messages "HTTP/1.1 200 OK"
2026-08-06 06:45:49,414 - INFO -   Extracted 5 facts (total: 168)
2026-08-06 06:45:49,415 - INFO - Processing lecture 7, chunk 2...
2026-08-06 06:46:15,610 - INFO - HTTP Request: POST https://opencode.ai/zen/go/v1/messages "HTTP/1.1 200 OK"
2026-08-06 06:46:15,611 - INFO -   Extracted 5 facts (total: 173)
2026-08-06 06:46:15,612 - INFO - Processing lecture 7, chunk 3...
2026-08-06 06:46:40,543 - INFO - HTTP Request: POST https://opencode.ai/zen/go/v1/messages "HTTP/1.1 200 OK"
2026-08-06 06:46:40,544 - INFO -   Extracted 4 facts (total: 177)
2026-08-06 06:46:40,545 - INFO - Processing lecture 7, chunk 4...
2026-08-06 06:47:06,543 - INFO - HTTP Request: POST https://opencode.ai/zen/go/v1/messages "HTTP/1.1 200 OK"
2026-08-06 06:47:06,543 - INFO -   Extracted 5 facts (total: 182)
2026-08-06 06:47:06,545 - INFO - Processing lecture 7, chunk 5...
2026-08-06 06:47:32,770 - INFO - HTTP Request: POST https://opencode.ai/zen/go/v1/messages "HTTP/1.1 200 OK"
2026-08-06 06:47:32,771 - INFO -   Extracted 5 facts (total: 187)
2026-08-06 06:47:32,772 - INFO - Processing lecture 8, chunk 0...
2026-08-06 06:47:58,873 - INFO - HTTP Request: POST https://opencode.ai/zen/go/v1/messages "HTTP/1.1 200 OK"
2026-08-06 06:47:58,873 - INFO -   Extracted 5 facts (total: 192)
2026-08-06 06:47:58,875 - INFO - Processing lecture 8, chunk 1...
2026-08-06 06:48:25,315 - INFO - HTTP Request: POST https://opencode.ai/zen/go/v1/messages "HTTP/1.1 200 OK"
2026-08-06 06:48:25,316 - INFO -   Extracted 5 facts (total: 197)
2026-08-06 06:48:25,318 - INFO - Processing lecture 8, chunk 2...
